Component: ARM Compiler 5.06 update 6 (build 750) Tool: armlink [4d35ed]

==============================================================================

Section Cross References

    main.o(.text) refers to system_swm181.o(.text) for SystemInit
    main.o(.text) refers to swm181_sleep.o(.emb_text) for EnterSleepMode
    main.o(.text) refers to swm181_port.o(.text) for PORT_Init
    main.o(.text) refers to swm181_uart.o(.text) for UART_Init
    swm181_gpio.o(.text) refers to swm181_port.o(.text) for PORT_Init
    swm181_i2c.o(.text) refers to uidiv.o(.text) for __aeabi_uidivmod
    swm181_i2c.o(.text) refers to system_swm181.o(.data) for SystemCoreClock
    swm181_uart.o(.text) refers to uidiv.o(.text) for __aeabi_uidivmod
    swm181_uart.o(.text) refers to system_swm181.o(.data) for SystemCoreClock
    swm181_can.o(.text) refers to uidiv.o(.text) for __aeabi_uidivmod
    swm181_can.o(.text) refers to system_swm181.o(.data) for SystemCoreClock
    swm181_cordic.o(.text) refers to swm181_div.o(.text) for DIV_Init
    swm181_dma.o(.text) refers to swm181_dma.o(i.__ARM_common_switch8) for __ARM_common_switch8
    swm181_flash.o(.text) refers to swm181_cache.o(.text) for CACHE_Invalid
    swm181_flash.o(.text) refers to swm181_flash.o(.data) for .data
    swm181_sdadc.o(.text) refers to swm181_port.o(.text) for PORT_Init
    swm181_slcd.o(.text) refers to uidiv.o(.text) for __aeabi_uidivmod
    swm181_slcd.o(.text) refers to system_swm181.o(.data) for SystemCoreClock
    swm181_sleep.o(.emb_text) refers to swm181_sleep.o(.data) for Code_EnterSleepMode
    swm181_sleep.o(.emb_text) refers to swm181_sleep.o(.data) for Code_EnterStopMode
    system_swm181.o(.text) refers to uidiv.o(.text) for __aeabi_uidivmod
    system_swm181.o(.text) refers to swm181_port.o(.text) for PORT_Init
    system_swm181.o(.text) refers to system_swm181.o(.data) for .data
    startup_swm181.o(RESET) refers to startup_swm181.o(STACK) for Stack_Mem
    startup_swm181.o(RESET) refers to startup_swm181.o(.text) for Reset_Handler
    startup_swm181.o(.text) refers to entry.o(.ARM.Collect$$$$00000000) for __main
    entry.o(.ARM.Collect$$$$00000000) refers (Special) to entry10a.o(.ARM.Collect$$$$0000000D) for __rt_final_cpp
    entry.o(.ARM.Collect$$$$00000000) refers (Special) to entry11a.o(.ARM.Collect$$$$0000000F) for __rt_final_exit
    entry.o(.ARM.Collect$$$$00000000) refers (Special) to entry7b.o(.ARM.Collect$$$$00000008) for _main_clock
    entry.o(.ARM.Collect$$$$00000000) refers (Special) to entry8b.o(.ARM.Collect$$$$0000000A) for _main_cpp_init
    entry.o(.ARM.Collect$$$$00000000) refers (Special) to entry9a.o(.ARM.Collect$$$$0000000B) for _main_init
    entry.o(.ARM.Collect$$$$00000000) refers (Special) to entry5.o(.ARM.Collect$$$$00000004) for _main_scatterload
    entry.o(.ARM.Collect$$$$00000000) refers (Special) to entry2.o(.ARM.Collect$$$$00000001) for _main_stk
    entry2.o(.ARM.Collect$$$$00000001) refers to entry2.o(.ARM.Collect$$$$00002712) for __lit__00000000
    entry2.o(.ARM.Collect$$$$00002712) refers to startup_swm181.o(STACK) for __initial_sp
    entry2.o(__vectab_stack_and_reset_area) refers to startup_swm181.o(STACK) for __initial_sp
    entry2.o(__vectab_stack_and_reset_area) refers to entry.o(.ARM.Collect$$$$00000000) for __main
    entry5.o(.ARM.Collect$$$$00000004) refers to init.o(.text) for __scatterload
    entry9a.o(.ARM.Collect$$$$0000000B) refers to main.o(.text) for main
    entry9b.o(.ARM.Collect$$$$0000000C) refers to main.o(.text) for main
    init.o(.text) refers to entry5.o(.ARM.Collect$$$$00000004) for __main_after_scatterload


==============================================================================

Removing Unused input sections from the image.

    Removing main.o(.rev16_text), (4 bytes).
    Removing main.o(.revsh_text), (4 bytes).
    Removing swm181_adc.o(.rev16_text), (4 bytes).
    Removing swm181_adc.o(.revsh_text), (4 bytes).
    Removing swm181_adc.o(.text), (636 bytes).
    Removing swm181_cmp.o(.rev16_text), (4 bytes).
    Removing swm181_cmp.o(.revsh_text), (4 bytes).
    Removing swm181_cmp.o(.text), (496 bytes).
    Removing swm181_exti.o(.rev16_text), (4 bytes).
    Removing swm181_exti.o(.revsh_text), (4 bytes).
    Removing swm181_exti.o(.text), (136 bytes).
    Removing swm181_gpio.o(.rev16_text), (4 bytes).
    Removing swm181_gpio.o(.revsh_text), (4 bytes).
    Removing swm181_gpio.o(.text), (480 bytes).
    Removing swm181_i2c.o(.rev16_text), (4 bytes).
    Removing swm181_i2c.o(.revsh_text), (4 bytes).
    Removing swm181_i2c.o(.text), (444 bytes).
    Removing swm181_pwm.o(.rev16_text), (4 bytes).
    Removing swm181_pwm.o(.revsh_text), (4 bytes).
    Removing swm181_pwm.o(.text), (1384 bytes).
    Removing swm181_timr.o(.rev16_text), (4 bytes).
    Removing swm181_timr.o(.revsh_text), (4 bytes).
    Removing swm181_timr.o(.text), (544 bytes).
    Removing swm181_uart.o(.rev16_text), (4 bytes).
    Removing swm181_uart.o(.revsh_text), (4 bytes).
    Removing swm181_wdt.o(.rev16_text), (4 bytes).
    Removing swm181_wdt.o(.revsh_text), (4 bytes).
    Removing swm181_wdt.o(.text), (98 bytes).
    Removing swm181_can.o(.rev16_text), (4 bytes).
    Removing swm181_can.o(.revsh_text), (4 bytes).
    Removing swm181_can.o(.text), (856 bytes).
    Removing swm181_cordic.o(.rev16_text), (4 bytes).
    Removing swm181_cordic.o(.revsh_text), (4 bytes).
    Removing swm181_cordic.o(.text), (28 bytes).
    Removing swm181_div.o(.rev16_text), (4 bytes).
    Removing swm181_div.o(.revsh_text), (4 bytes).
    Removing swm181_div.o(.text), (20 bytes).
    Removing swm181_dma.o(.rev16_text), (4 bytes).
    Removing swm181_dma.o(.revsh_text), (4 bytes).
    Removing swm181_dma.o(.text), (604 bytes).
    Removing swm181_flash.o(.rev16_text), (4 bytes).
    Removing swm181_flash.o(.revsh_text), (4 bytes).
    Removing swm181_flash.o(.text), (180 bytes).
    Removing swm181_flash.o(PlaceInRAM), (96 bytes).
    Removing swm181_flash.o(.data), (4 bytes).
    Removing swm181_irqmux.o(.rev16_text), (4 bytes).
    Removing swm181_irqmux.o(.revsh_text), (4 bytes).
    Removing swm181_irqmux.o(.text), (232 bytes).
    Removing swm181_port.o(.rev16_text), (4 bytes).
    Removing swm181_port.o(.revsh_text), (4 bytes).
    Removing swm181_sdadc.o(.rev16_text), (4 bytes).
    Removing swm181_sdadc.o(.revsh_text), (4 bytes).
    Removing swm181_sdadc.o(.text), (456 bytes).
    Removing swm181_slcd.o(.rev16_text), (4 bytes).
    Removing swm181_slcd.o(.revsh_text), (4 bytes).
    Removing swm181_slcd.o(.text), (144 bytes).
    Removing swm181_spi.o(.rev16_text), (4 bytes).
    Removing swm181_spi.o(.revsh_text), (4 bytes).
    Removing swm181_spi.o(.text), (492 bytes).
    Removing swm181_cache.o(.rev16_text), (4 bytes).
    Removing swm181_cache.o(.revsh_text), (4 bytes).
    Removing swm181_cache.o(.text), (168 bytes).
    Removing swm181_sleep.o(.rev16_text), (4 bytes).
    Removing swm181_sleep.o(.revsh_text), (4 bytes).
    Removing system_swm181.o(.rev16_text), (4 bytes).
    Removing system_swm181.o(.revsh_text), (4 bytes).
    Removing startup_swm181.o(HEAP), (0 bytes).
    Removing swm181_dma.o(i.__ARM_common_switch8), (26 bytes).

68 unused section(s) (total 7708 bytes) removed from the image.

==============================================================================

Image Symbol Table

    Local Symbols

    Symbol Name                              Value     Ov Type        Size  Object(Section)

    RESET                                    0x00000000   Section      192  startup_swm181.o(RESET)
    ../clib/microlib/division.c              0x00000000   Number         0  uidiv.o ABSOLUTE
    ../clib/microlib/init/entry.s            0x00000000   Number         0  entry10a.o ABSOLUTE
    ../clib/microlib/init/entry.s            0x00000000   Number         0  entry8b.o ABSOLUTE
    ../clib/microlib/init/entry.s            0x00000000   Number         0  entry8a.o ABSOLUTE
    ../clib/microlib/init/entry.s            0x00000000   Number         0  entry9a.o ABSOLUTE
    ../clib/microlib/init/entry.s            0x00000000   Number         0  entry7b.o ABSOLUTE
    ../clib/microlib/init/entry.s            0x00000000   Number         0  entry7a.o ABSOLUTE
    ../clib/microlib/init/entry.s            0x00000000   Number         0  entry5.o ABSOLUTE
    ../clib/microlib/init/entry.s            0x00000000   Number         0  entry9b.o ABSOLUTE
    ../clib/microlib/init/entry.s            0x00000000   Number         0  entry2.o ABSOLUTE
    ../clib/microlib/init/entry.s            0x00000000   Number         0  entry.o ABSOLUTE
    ../clib/microlib/init/entry.s            0x00000000   Number         0  entry11b.o ABSOLUTE
    ../clib/microlib/init/entry.s            0x00000000   Number         0  entry11a.o ABSOLUTE
    ../clib/microlib/init/entry.s            0x00000000   Number         0  entry10b.o ABSOLUTE
    ..\..\SWM181_StdPeriph_Driver\CSL\CMSIS\DeviceSupport\startup\arm\startup_SWM181.s 0x00000000   Number         0  startup_swm181.o ABSOLUTE
    ..\..\SWM181_StdPeriph_Driver\CSL\CMSIS\DeviceSupport\system_SWM181.c 0x00000000   Number         0  system_swm181.o ABSOLUTE
    ..\..\SWM181_StdPeriph_Driver\CSL\SWM181_StdPeriph_Driver\SWM181_adc.c 0x00000000   Number         0  swm181_adc.o ABSOLUTE
    ..\..\SWM181_StdPeriph_Driver\CSL\SWM181_StdPeriph_Driver\SWM181_cache.c 0x00000000   Number         0  swm181_cache.o ABSOLUTE
    ..\..\SWM181_StdPeriph_Driver\CSL\SWM181_StdPeriph_Driver\SWM181_can.c 0x00000000   Number         0  swm181_can.o ABSOLUTE
    ..\..\SWM181_StdPeriph_Driver\CSL\SWM181_StdPeriph_Driver\SWM181_cmp.c 0x00000000   Number         0  swm181_cmp.o ABSOLUTE
    ..\..\SWM181_StdPeriph_Driver\CSL\SWM181_StdPeriph_Driver\SWM181_cordic.c 0x00000000   Number         0  swm181_cordic.o ABSOLUTE
    ..\..\SWM181_StdPeriph_Driver\CSL\SWM181_StdPeriph_Driver\SWM181_div.c 0x00000000   Number         0  swm181_div.o ABSOLUTE
    ..\..\SWM181_StdPeriph_Driver\CSL\SWM181_StdPeriph_Driver\SWM181_dma.c 0x00000000   Number         0  swm181_dma.o ABSOLUTE
    ..\..\SWM181_StdPeriph_Driver\CSL\SWM181_StdPeriph_Driver\SWM181_exti.c 0x00000000   Number         0  swm181_exti.o ABSOLUTE
    ..\..\SWM181_StdPeriph_Driver\CSL\SWM181_StdPeriph_Driver\SWM181_flash.c 0x00000000   Number         0  swm181_flash.o ABSOLUTE
    ..\..\SWM181_StdPeriph_Driver\CSL\SWM181_StdPeriph_Driver\SWM181_gpio.c 0x00000000   Number         0  swm181_gpio.o ABSOLUTE
    ..\..\SWM181_StdPeriph_Driver\CSL\SWM181_StdPeriph_Driver\SWM181_i2c.c 0x00000000   Number         0  swm181_i2c.o ABSOLUTE
    ..\..\SWM181_StdPeriph_Driver\CSL\SWM181_StdPeriph_Driver\SWM181_irqmux.c 0x00000000   Number         0  swm181_irqmux.o ABSOLUTE
    ..\..\SWM181_StdPeriph_Driver\CSL\SWM181_StdPeriph_Driver\SWM181_port.c 0x00000000   Number         0  swm181_port.o ABSOLUTE
    ..\..\SWM181_StdPeriph_Driver\CSL\SWM181_StdPeriph_Driver\SWM181_pwm.c 0x00000000   Number         0  swm181_pwm.o ABSOLUTE
    ..\..\SWM181_StdPeriph_Driver\CSL\SWM181_StdPeriph_Driver\SWM181_sdadc.c 0x00000000   Number         0  swm181_sdadc.o ABSOLUTE
    ..\..\SWM181_StdPeriph_Driver\CSL\SWM181_StdPeriph_Driver\SWM181_slcd.c 0x00000000   Number         0  swm181_slcd.o ABSOLUTE
    ..\..\SWM181_StdPeriph_Driver\CSL\SWM181_StdPeriph_Driver\SWM181_sleep.c 0x00000000   Number         0  swm181_sleep.o ABSOLUTE
    ..\..\SWM181_StdPeriph_Driver\CSL\SWM181_StdPeriph_Driver\SWM181_spi.c 0x00000000   Number         0  swm181_spi.o ABSOLUTE
    ..\..\SWM181_StdPeriph_Driver\CSL\SWM181_StdPeriph_Driver\SWM181_timr.c 0x00000000   Number         0  swm181_timr.o ABSOLUTE
    ..\..\SWM181_StdPeriph_Driver\CSL\SWM181_StdPeriph_Driver\SWM181_uart.c 0x00000000   Number         0  swm181_uart.o ABSOLUTE
    ..\..\SWM181_StdPeriph_Driver\CSL\SWM181_StdPeriph_Driver\SWM181_wdt.c 0x00000000   Number         0  swm181_wdt.o ABSOLUTE
    ..\\..\\SWM181_StdPeriph_Driver\\CSL\\CMSIS\\DeviceSupport\\system_SWM181.c 0x00000000   Number         0  system_swm181.o ABSOLUTE
    ..\\..\\SWM181_StdPeriph_Driver\\CSL\\SWM181_StdPeriph_Driver\\SWM181_adc.c 0x00000000   Number         0  swm181_adc.o ABSOLUTE
    ..\\..\\SWM181_StdPeriph_Driver\\CSL\\SWM181_StdPeriph_Driver\\SWM181_cache.c 0x00000000   Number         0  swm181_cache.o ABSOLUTE
    ..\\..\\SWM181_StdPeriph_Driver\\CSL\\SWM181_StdPeriph_Driver\\SWM181_can.c 0x00000000   Number         0  swm181_can.o ABSOLUTE
    ..\\..\\SWM181_StdPeriph_Driver\\CSL\\SWM181_StdPeriph_Driver\\SWM181_cmp.c 0x00000000   Number         0  swm181_cmp.o ABSOLUTE
    ..\\..\\SWM181_StdPeriph_Driver\\CSL\\SWM181_StdPeriph_Driver\\SWM181_cordic.c 0x00000000   Number         0  swm181_cordic.o ABSOLUTE
    ..\\..\\SWM181_StdPeriph_Driver\\CSL\\SWM181_StdPeriph_Driver\\SWM181_div.c 0x00000000   Number         0  swm181_div.o ABSOLUTE
    ..\\..\\SWM181_StdPeriph_Driver\\CSL\\SWM181_StdPeriph_Driver\\SWM181_dma.c 0x00000000   Number         0  swm181_dma.o ABSOLUTE
    ..\\..\\SWM181_StdPeriph_Driver\\CSL\\SWM181_StdPeriph_Driver\\SWM181_exti.c 0x00000000   Number         0  swm181_exti.o ABSOLUTE
    ..\\..\\SWM181_StdPeriph_Driver\\CSL\\SWM181_StdPeriph_Driver\\SWM181_flash.c 0x00000000   Number         0  swm181_flash.o ABSOLUTE
    ..\\..\\SWM181_StdPeriph_Driver\\CSL\\SWM181_StdPeriph_Driver\\SWM181_gpio.c 0x00000000   Number         0  swm181_gpio.o ABSOLUTE
    ..\\..\\SWM181_StdPeriph_Driver\\CSL\\SWM181_StdPeriph_Driver\\SWM181_i2c.c 0x00000000   Number         0  swm181_i2c.o ABSOLUTE
    ..\\..\\SWM181_StdPeriph_Driver\\CSL\\SWM181_StdPeriph_Driver\\SWM181_irqmux.c 0x00000000   Number         0  swm181_irqmux.o ABSOLUTE
    ..\\..\\SWM181_StdPeriph_Driver\\CSL\\SWM181_StdPeriph_Driver\\SWM181_port.c 0x00000000   Number         0  swm181_port.o ABSOLUTE
    ..\\..\\SWM181_StdPeriph_Driver\\CSL\\SWM181_StdPeriph_Driver\\SWM181_pwm.c 0x00000000   Number         0  swm181_pwm.o ABSOLUTE
    ..\\..\\SWM181_StdPeriph_Driver\\CSL\\SWM181_StdPeriph_Driver\\SWM181_sdadc.c 0x00000000   Number         0  swm181_sdadc.o ABSOLUTE
    ..\\..\\SWM181_StdPeriph_Driver\\CSL\\SWM181_StdPeriph_Driver\\SWM181_slcd.c 0x00000000   Number         0  swm181_slcd.o ABSOLUTE
    ..\\..\\SWM181_StdPeriph_Driver\\CSL\\SWM181_StdPeriph_Driver\\SWM181_sleep.c 0x00000000   Number         0  swm181_sleep.o ABSOLUTE
    ..\\..\\SWM181_StdPeriph_Driver\\CSL\\SWM181_StdPeriph_Driver\\SWM181_spi.c 0x00000000   Number         0  swm181_spi.o ABSOLUTE
    ..\\..\\SWM181_StdPeriph_Driver\\CSL\\SWM181_StdPeriph_Driver\\SWM181_timr.c 0x00000000   Number         0  swm181_timr.o ABSOLUTE
    ..\\..\\SWM181_StdPeriph_Driver\\CSL\\SWM181_StdPeriph_Driver\\SWM181_uart.c 0x00000000   Number         0  swm181_uart.o ABSOLUTE
    ..\\..\\SWM181_StdPeriph_Driver\\CSL\\SWM181_StdPeriph_Driver\\SWM181_wdt.c 0x00000000   Number         0  swm181_wdt.o ABSOLUTE
    app\\main.c                              0x00000000   Number         0  main.o ABSOLUTE
    app\main.c                               0x00000000   Number         0  main.o ABSOLUTE
    dc.s                                     0x00000000   Number         0  dc.o ABSOLUTE
    handlers.s                               0x00000000   Number         0  handlers.o ABSOLUTE
    init.s                                   0x00000000   Number         0  init.o ABSOLUTE
    .ARM.Collect$$$$00000000                 0x000000c0   Section        0  entry.o(.ARM.Collect$$$$00000000)
    .ARM.Collect$$$$00000001                 0x000000c0   Section        4  entry2.o(.ARM.Collect$$$$00000001)
    .ARM.Collect$$$$00000004                 0x000000c4   Section        4  entry5.o(.ARM.Collect$$$$00000004)
    .ARM.Collect$$$$00000008                 0x000000c8   Section        0  entry7b.o(.ARM.Collect$$$$00000008)
    .ARM.Collect$$$$0000000A                 0x000000c8   Section        0  entry8b.o(.ARM.Collect$$$$0000000A)
    .ARM.Collect$$$$0000000B                 0x000000c8   Section        8  entry9a.o(.ARM.Collect$$$$0000000B)
    .ARM.Collect$$$$0000000D                 0x000000d0   Section        0  entry10a.o(.ARM.Collect$$$$0000000D)
    .ARM.Collect$$$$0000000F                 0x000000d0   Section        0  entry11a.o(.ARM.Collect$$$$0000000F)
    .ARM.Collect$$$$00002712                 0x000000d0   Section        4  entry2.o(.ARM.Collect$$$$00002712)
    __lit__00000000                          0x000000d0   Data           4  entry2.o(.ARM.Collect$$$$00002712)
    .emb_text                                0x000000d4   Section       40  swm181_sleep.o(.emb_text)
    .text                                    0x000000fc   Section        0  main.o(.text)
    .text                                    0x000001ac   Section        0  swm181_uart.o(.text)
    .text                                    0x0000046c   Section        0  swm181_port.o(.text)
    .text                                    0x00000628   Section        0  system_swm181.o(.text)
    switchToXTAL                             0x0000067f   Thumb Code    66  system_swm181.o(.text)
    switchToRC24MHz                          0x000006c1   Thumb Code    26  system_swm181.o(.text)
    switchToRC32KHz                          0x000006db   Thumb Code    26  system_swm181.o(.text)
    switchToRC12MHz                          0x000006f5   Thumb Code    28  system_swm181.o(.text)
    switchToRC48MHz                          0x00000711   Thumb Code    28  system_swm181.o(.text)
    switchToRC6MHz                           0x0000072d   Thumb Code    26  system_swm181.o(.text)
    .text                                    0x00000798   Section       88  startup_swm181.o(.text)
    .text                                    0x000007f0   Section        0  uidiv.o(.text)
    .text                                    0x0000081c   Section       36  init.o(.text)
    i.__scatterload_copy                     0x00000840   Section       14  handlers.o(i.__scatterload_copy)
    i.__scatterload_null                     0x0000084e   Section        2  handlers.o(i.__scatterload_null)
    i.__scatterload_zeroinit                 0x00000850   Section       14  handlers.o(i.__scatterload_zeroinit)
    .data                                    0x20000000   Section       24  swm181_sleep.o(.data)
    .data                                    0x20000018   Section       40  swm181_sleep.o(.data)
    .data                                    0x20000040   Section        8  system_swm181.o(.data)
    STACK                                    0x20000048   Section     2048  startup_swm181.o(STACK)
    Stack_Mem                                0x20000048   Data        2048  startup_swm181.o(STACK)

    Global Symbols

    Symbol Name                              Value     Ov Type        Size  Object(Section)

    BuildAttributes$$THM_ISAv3M$S$PE$A:L22$X:L11$S22$IEEE1$IW$USESV6$~STKCKD$USESV7$~SHL$OSPACE$EBA8$MICROLIB$REQ8$EABIv2 0x00000000   Number         0  anon$$obj.o ABSOLUTE
    __ARM_use_no_argv                        0x00000000   Number         0  main.o ABSOLUTE
    __Vectors                                0x00000000   Data           4  startup_swm181.o(RESET)
    __cpp_initialize__aeabi_                  - Undefined Weak Reference
    __cxa_finalize                            - Undefined Weak Reference
    __decompress                              - Undefined Weak Reference
    _clock_init                               - Undefined Weak Reference
    _microlib_exit                            - Undefined Weak Reference
    __Vectors_End                            0x000000c0   Data           0  startup_swm181.o(RESET)
    __Vectors_Size                           0x000000c0   Number         0  startup_swm181.o ABSOLUTE
    __main                                   0x000000c1   Thumb Code     0  entry.o(.ARM.Collect$$$$00000000)
    _main_stk                                0x000000c1   Thumb Code     0  entry2.o(.ARM.Collect$$$$00000001)
    _main_scatterload                        0x000000c5   Thumb Code     0  entry5.o(.ARM.Collect$$$$00000004)
    __main_after_scatterload                 0x000000c9   Thumb Code     0  entry5.o(.ARM.Collect$$$$00000004)
    _main_clock                              0x000000c9   Thumb Code     0  entry7b.o(.ARM.Collect$$$$00000008)
    _main_cpp_init                           0x000000c9   Thumb Code     0  entry8b.o(.ARM.Collect$$$$0000000A)
    _main_init                               0x000000c9   Thumb Code     0  entry9a.o(.ARM.Collect$$$$0000000B)
    __rt_final_cpp                           0x000000d1   Thumb Code     0  entry10a.o(.ARM.Collect$$$$0000000D)
    __rt_final_exit                          0x000000d1   Thumb Code     0  entry11a.o(.ARM.Collect$$$$0000000F)
    EnterSleepMode                           0x000000d5   Thumb Code    16  swm181_sleep.o(.emb_text)
    EnterStopMode                            0x000000e9   Thumb Code    16  swm181_sleep.o(.emb_text)
    main                                     0x000000fd   Thumb Code    64  main.o(.text)
    SerialInit                               0x0000013d   Thumb Code    66  main.o(.text)
    fputc                                    0x0000017f   Thumb Code    28  main.o(.text)
    UART_Close                               0x000001ad   Thumb Code    12  swm181_uart.o(.text)
    UART_Init                                0x000001b9   Thumb Code   210  swm181_uart.o(.text)
    UART_Open                                0x0000028b   Thumb Code    12  swm181_uart.o(.text)
    UART_WriteByte                           0x00000297   Thumb Code     4  swm181_uart.o(.text)
    UART_ReadByte                            0x0000029b   Thumb Code    20  swm181_uart.o(.text)
    UART_IsTXBusy                            0x000002af   Thumb Code    10  swm181_uart.o(.text)
    UART_IsRXFIFOEmpty                       0x000002b9   Thumb Code    10  swm181_uart.o(.text)
    UART_IsTXFIFOFull                        0x000002c3   Thumb Code     8  swm181_uart.o(.text)
    UART_SetBaudrate                         0x000002cb   Thumb Code    32  swm181_uart.o(.text)
    UART_GetBaudrate                         0x000002eb   Thumb Code    22  swm181_uart.o(.text)
    UART_CTSConfig                           0x00000301   Thumb Code    22  swm181_uart.o(.text)
    UART_CTSLineState                        0x00000317   Thumb Code     8  swm181_uart.o(.text)
    UART_RTSConfig                           0x0000031f   Thumb Code    28  swm181_uart.o(.text)
    UART_RTSLineState                        0x0000033b   Thumb Code     8  swm181_uart.o(.text)
    UART_LINConfig                           0x00000343   Thumb Code    22  swm181_uart.o(.text)
    UART_LINGenerate                         0x00000359   Thumb Code    10  swm181_uart.o(.text)
    UART_LINIsDetected                       0x00000363   Thumb Code     8  swm181_uart.o(.text)
    UART_LINIsGenerated                      0x0000036b   Thumb Code     8  swm181_uart.o(.text)
    UART_ABRStart                            0x00000373   Thumb Code    90  swm181_uart.o(.text)
    UART_ABRIsDone                           0x000003cd   Thumb Code    24  swm181_uart.o(.text)
    UART_INTRXThresholdEn                    0x000003e5   Thumb Code    10  swm181_uart.o(.text)
    UART_INTRXThresholdDis                   0x000003ef   Thumb Code    10  swm181_uart.o(.text)
    UART_INTRXThresholdStat                  0x000003f9   Thumb Code     8  swm181_uart.o(.text)
    UART_INTTXThresholdEn                    0x00000401   Thumb Code    10  swm181_uart.o(.text)
    UART_INTTXThresholdDis                   0x0000040b   Thumb Code    10  swm181_uart.o(.text)
    UART_INTTXThresholdStat                  0x00000415   Thumb Code     8  swm181_uart.o(.text)
    UART_INTTimeoutEn                        0x0000041d   Thumb Code    12  swm181_uart.o(.text)
    UART_INTTimeoutDis                       0x00000429   Thumb Code    12  swm181_uart.o(.text)
    UART_INTTimeoutStat                      0x00000435   Thumb Code     8  swm181_uart.o(.text)
    UART_INTTXDoneEn                         0x0000043d   Thumb Code    10  swm181_uart.o(.text)
    UART_INTTXDoneDis                        0x00000447   Thumb Code    10  swm181_uart.o(.text)
    UART_INTTXDoneStat                       0x00000451   Thumb Code     8  swm181_uart.o(.text)
    PORT_Init                                0x0000046d   Thumb Code   434  swm181_port.o(.text)
    SystemCoreClockUpdate                    0x00000629   Thumb Code    86  system_swm181.o(.text)
    SystemInit                               0x00000747   Thumb Code    44  system_swm181.o(.text)
    Reset_Handler                            0x00000799   Thumb Code     4  startup_swm181.o(.text)
    NMI_Handler                              0x0000079d   Thumb Code     2  startup_swm181.o(.text)
    HardFault_Handler                        0x0000079f   Thumb Code     2  startup_swm181.o(.text)
    SVC_Handler                              0x000007a1   Thumb Code     2  startup_swm181.o(.text)
    PendSV_Handler                           0x000007a3   Thumb Code     2  startup_swm181.o(.text)
    SysTick_Handler                          0x000007a5   Thumb Code     2  startup_swm181.o(.text)
    IRQ0_Handler                             0x000007a7   Thumb Code     2  startup_swm181.o(.text)
    IRQ1_Handler                             0x000007a9   Thumb Code     2  startup_swm181.o(.text)
    IRQ2_Handler                             0x000007ab   Thumb Code     2  startup_swm181.o(.text)
    IRQ3_Handler                             0x000007ad   Thumb Code     2  startup_swm181.o(.text)
    IRQ4_Handler                             0x000007af   Thumb Code     2  startup_swm181.o(.text)
    IRQ5_Handler                             0x000007b1   Thumb Code     2  startup_swm181.o(.text)
    IRQ6_Handler                             0x000007b3   Thumb Code     2  startup_swm181.o(.text)
    IRQ7_Handler                             0x000007b5   Thumb Code     2  startup_swm181.o(.text)
    IRQ8_Handler                             0x000007b7   Thumb Code     2  startup_swm181.o(.text)
    IRQ9_Handler                             0x000007b9   Thumb Code     2  startup_swm181.o(.text)
    IRQ10_Handler                            0x000007bb   Thumb Code     2  startup_swm181.o(.text)
    IRQ11_Handler                            0x000007bd   Thumb Code     2  startup_swm181.o(.text)
    IRQ12_Handler                            0x000007bf   Thumb Code     2  startup_swm181.o(.text)
    IRQ13_Handler                            0x000007c1   Thumb Code     2  startup_swm181.o(.text)
    IRQ14_Handler                            0x000007c3   Thumb Code     2  startup_swm181.o(.text)
    IRQ15_Handler                            0x000007c5   Thumb Code     2  startup_swm181.o(.text)
    IRQ16_Handler                            0x000007c7   Thumb Code     2  startup_swm181.o(.text)
    IRQ17_Handler                            0x000007c9   Thumb Code     2  startup_swm181.o(.text)
    IRQ18_Handler                            0x000007cb   Thumb Code     2  startup_swm181.o(.text)
    IRQ19_Handler                            0x000007cd   Thumb Code     2  startup_swm181.o(.text)
    IRQ20_Handler                            0x000007cf   Thumb Code     2  startup_swm181.o(.text)
    IRQ21_Handler                            0x000007d1   Thumb Code     2  startup_swm181.o(.text)
    IRQ22_Handler                            0x000007d3   Thumb Code     2  startup_swm181.o(.text)
    IRQ23_Handler                            0x000007d5   Thumb Code     2  startup_swm181.o(.text)
    IRQ24_Handler                            0x000007d7   Thumb Code     2  startup_swm181.o(.text)
    IRQ25_Handler                            0x000007d9   Thumb Code     2  startup_swm181.o(.text)
    IRQ26_Handler                            0x000007db   Thumb Code     2  startup_swm181.o(.text)
    IRQ27_Handler                            0x000007dd   Thumb Code     2  startup_swm181.o(.text)
    IRQ28_Handler                            0x000007e1   Thumb Code     2  startup_swm181.o(.text)
    IRQ29_Handler                            0x000007e5   Thumb Code     2  startup_swm181.o(.text)
    IRQ30_Handler                            0x000007e7   Thumb Code     2  startup_swm181.o(.text)
    IRQ31_Handler                            0x000007e9   Thumb Code     2  startup_swm181.o(.text)
    __aeabi_uidiv                            0x000007f1   Thumb Code     0  uidiv.o(.text)
    __aeabi_uidivmod                         0x000007f1   Thumb Code    44  uidiv.o(.text)
    __scatterload                            0x0000081d   Thumb Code    28  init.o(.text)
    __scatterload_rt2                        0x0000081d   Thumb Code     0  init.o(.text)
    __scatterload_copy                       0x00000841   Thumb Code    14  handlers.o(i.__scatterload_copy)
    __scatterload_null                       0x0000084f   Thumb Code     2  handlers.o(i.__scatterload_null)
    __scatterload_zeroinit                   0x00000851   Thumb Code    14  handlers.o(i.__scatterload_zeroinit)
    Region$$Table$$Base                      0x00000860   Number         0  anon$$obj.o(Region$$Table)
    Region$$Table$$Limit                     0x00000880   Number         0  anon$$obj.o(Region$$Table)
    Code_EnterSleepMode                      0x20000000   Data          24  swm181_sleep.o(.data)
    Code_EnterStopMode                       0x20000018   Data          40  swm181_sleep.o(.data)
    SystemCoreClock                          0x20000040   Data           4  system_swm181.o(.data)
    CyclesPerUs                              0x20000044   Data           4  system_swm181.o(.data)
    __initial_sp                             0x20000848   Data           0  startup_swm181.o(STACK)



==============================================================================

Memory Map of the image

  Image Entry point : 0x000000c1

  Load Region LR_IROM1 (Base: 0x00000000, Size: 0x000008c8, Max: 0x0001e000, ABSOLUTE)

    Execution Region ER_IROM1 (Exec base: 0x00000000, Load base: 0x00000000, Size: 0x00000880, Max: 0x0001e000, ABSOLUTE)

    Exec Addr    Load Addr    Size         Type   Attr      Idx    E Section Name        Object

    0x00000000   0x00000000   0x000000c0   Data   RO          574    RESET               startup_swm181.o
    0x000000c0   0x000000c0   0x00000000   Code   RO          579  * .ARM.Collect$$$$00000000  mc_p.l(entry.o)
    0x000000c0   0x000000c0   0x00000004   Code   RO          584    .ARM.Collect$$$$00000001  mc_p.l(entry2.o)
    0x000000c4   0x000000c4   0x00000004   Code   RO          587    .ARM.Collect$$$$00000004  mc_p.l(entry5.o)
    0x000000c8   0x000000c8   0x00000000   Code   RO          589    .ARM.Collect$$$$00000008  mc_p.l(entry7b.o)
    0x000000c8   0x000000c8   0x00000000   Code   RO          591    .ARM.Collect$$$$0000000A  mc_p.l(entry8b.o)
    0x000000c8   0x000000c8   0x00000008   Code   RO          592    .ARM.Collect$$$$0000000B  mc_p.l(entry9a.o)
    0x000000d0   0x000000d0   0x00000000   Code   RO          594    .ARM.Collect$$$$0000000D  mc_p.l(entry10a.o)
    0x000000d0   0x000000d0   0x00000000   Code   RO          596    .ARM.Collect$$$$0000000F  mc_p.l(entry11a.o)
    0x000000d0   0x000000d0   0x00000004   Code   RO          585    .ARM.Collect$$$$00002712  mc_p.l(entry2.o)
    0x000000d4   0x000000d4   0x00000028   Code   RO          526    .emb_text           swm181_sleep.o
    0x000000fc   0x000000fc   0x000000b0   Code   RO            3    .text               main.o
    0x000001ac   0x000001ac   0x000002c0   Code   RO          252    .text               swm181_uart.o
    0x0000046c   0x0000046c   0x000001bc   Code   RO          426    .text               swm181_port.o
    0x00000628   0x00000628   0x00000170   Code   RO          548    .text               system_swm181.o
    0x00000798   0x00000798   0x00000058   Code   RO          575    .text               startup_swm181.o
    0x000007f0   0x000007f0   0x0000002c   Code   RO          582    .text               mc_p.l(uidiv.o)
    0x0000081c   0x0000081c   0x00000024   Code   RO          598    .text               mc_p.l(init.o)
    0x00000840   0x00000840   0x0000000e   Code   RO          602    i.__scatterload_copy  mc_p.l(handlers.o)
    0x0000084e   0x0000084e   0x00000002   Code   RO          603    i.__scatterload_null  mc_p.l(handlers.o)
    0x00000850   0x00000850   0x0000000e   Code   RO          604    i.__scatterload_zeroinit  mc_p.l(handlers.o)
    0x0000085e   0x0000085e   0x00000002   PAD
    0x00000860   0x00000860   0x00000020   Data   RO          600    Region$$Table       anon$$obj.o


    Execution Region RW_IRAM1 (Exec base: 0x20000000, Load base: 0x00000880, Size: 0x00000848, Max: 0x00004000, ABSOLUTE)

    Exec Addr    Load Addr    Size         Type   Attr      Idx    E Section Name        Object

    0x20000000   0x00000880   0x00000018   Data   RW          527    .data               swm181_sleep.o
    0x20000018   0x00000898   0x00000028   Data   RW          528    .data               swm181_sleep.o
    0x20000040   0x000008c0   0x00000008   Data   RW          549    .data               system_swm181.o
    0x20000048        -       0x00000800   Zero   RW          572    STACK               startup_swm181.o


==============================================================================

Image component sizes


      Code (inc. data)   RO Data    RW Data    ZI Data      Debug   Object Name

       176         18          0          0          0     103244   main.o
        88         10        192          0       2048       1996   startup_swm181.o
       444         10          0          0          0       1648   swm181_port.o
        40          8          0         64          0       1453   swm181_sleep.o
       704         20          0          0          0       6990   swm181_uart.o
       368         38          0          8          0       1833   system_swm181.o

    ----------------------------------------------------------------------
      1820        104        224         72       2048     117164   Object Totals
         0          0         32          0          0          0   (incl. Generated)
         0          0          0          0          0          0   (incl. Padding)

    ----------------------------------------------------------------------

      Code (inc. data)   RO Data    RW Data    ZI Data      Debug   Library Member Name

         0          0          0          0          0          0   entry.o
         0          0          0          0          0          0   entry10a.o
         0          0          0          0          0          0   entry11a.o
         8          4          0          0          0          0   entry2.o
         4          0          0          0          0          0   entry5.o
         0          0          0          0          0          0   entry7b.o
         0          0          0          0          0          0   entry8b.o
         8          4          0          0          0          0   entry9a.o
        30          0          0          0          0          0   handlers.o
        36          8          0          0          0         68   init.o
        44          0          0          0          0         72   uidiv.o

    ----------------------------------------------------------------------
       132         16          0          0          0        140   Library Totals
         2          0          0          0          0          0   (incl. Padding)

    ----------------------------------------------------------------------

      Code (inc. data)   RO Data    RW Data    ZI Data      Debug   Library Name

       130         16          0          0          0        140   mc_p.l

    ----------------------------------------------------------------------
       132         16          0          0          0        140   Library Totals

    ----------------------------------------------------------------------

==============================================================================


      Code (inc. data)   RO Data    RW Data    ZI Data      Debug   

      1952        120        224         72       2048     117272   Grand Totals
      1952        120        224         72       2048     117272   ELF Image Totals
      1952        120        224         72          0          0   ROM Totals

==============================================================================

    Total RO  Size (Code + RO Data)                 2176 (   2.13kB)
    Total RW  Size (RW Data + ZI Data)              2120 (   2.07kB)
    Total ROM Size (Code + RO Data + RW Data)       2248 (   2.20kB)

==============================================================================

